// Jest Snapshot v1, https://goo.gl/fbAQLP

exports[`EditMealModal component should match snapshot 1`] = `
<Modal
  ariaHideApp={true}
  bodyOpenClassName="ReactModal__Body--open"
  className="react-modal-body"
  closeTimeoutMS={150}
  isOpen={false}
  overlayClassName="react-modal-overlay"
  parentSelector={[Function]}
  portalClassName="ReactModalPortal"
  shouldCloseOnEsc={true}
  shouldCloseOnOverlayClick={true}
  shouldFocusAfterRender={true}
  shouldReturnFocusAfterClose={true}
>
  <Connect(C) />
</Modal>
`;
