// Jest Snapshot v1, https://goo.gl/fbAQLP

exports[`ResetPassword component should match snapshot if mailSent is false 1`] = `
<AuthArea>
  <div
    className="mailSentCard"
  >
    <Connect(C) />
    <p
      style={
        Object {
          "textAlign": "center",
        }
      }
    >
      Already have an account? 
      <Link
        replace={false}
        to="/login"
      >
        Login
      </Link>
    </p>
  </div>
</AuthArea>
`;

exports[`ResetPassword component should match snapshot if mailSent is true 1`] = `
<AuthArea>
  <div
    className="mailSentCard"
  >
    <SentMessage />
  </div>
</AuthArea>
`;
