// Jest Snapshot v1, https://goo.gl/fbAQLP

exports[`Loader Component renders properly 1`] = `
initialize {
  "0": Object {
    "attribs": Object {
      "style": "text-align:center",
    },
    "children": Array [
      Object {
        "attribs": Object {
          "alt": "loading",
          "src": "[object Object]",
          "width": "40",
        },
        "children": Array [],
        "name": "img",
        "namespace": "http://www.w3.org/1999/xhtml",
        "next": Object {
          "attribs": Object {},
          "children": Array [],
          "name": "br",
          "namespace": "http://www.w3.org/1999/xhtml",
          "next": Object {
            "data": "loading...",
            "next": null,
            "parent": [Circular],
            "prev": [Circular],
            "type": "text",
          },
          "parent": [Circular],
          "prev": [Circular],
          "type": "tag",
          "x-attribsNamespace": Object {},
          "x-attribsPrefix": Object {},
        },
        "parent": [Circular],
        "prev": null,
        "type": "tag",
        "x-attribsNamespace": Object {
          "alt": undefined,
          "src": undefined,
          "width": undefined,
        },
        "x-attribsPrefix": Object {
          "alt": undefined,
          "src": undefined,
          "width": undefined,
        },
      },
      Object {
        "attribs": Object {},
        "children": Array [],
        "name": "br",
        "namespace": "http://www.w3.org/1999/xhtml",
        "next": Object {
          "data": "loading...",
          "next": null,
          "parent": [Circular],
          "prev": [Circular],
          "type": "text",
        },
        "parent": [Circular],
        "prev": Object {
          "attribs": Object {
            "alt": "loading",
            "src": "[object Object]",
            "width": "40",
          },
          "children": Array [],
          "name": "img",
          "namespace": "http://www.w3.org/1999/xhtml",
          "next": [Circular],
          "parent": [Circular],
          "prev": null,
          "type": "tag",
          "x-attribsNamespace": Object {
            "alt": undefined,
            "src": undefined,
            "width": undefined,
          },
          "x-attribsPrefix": Object {
            "alt": undefined,
            "src": undefined,
            "width": undefined,
          },
        },
        "type": "tag",
        "x-attribsNamespace": Object {},
        "x-attribsPrefix": Object {},
      },
      Object {
        "data": "loading...",
        "next": null,
        "parent": [Circular],
        "prev": Object {
          "attribs": Object {},
          "children": Array [],
          "name": "br",
          "namespace": "http://www.w3.org/1999/xhtml",
          "next": [Circular],
          "parent": [Circular],
          "prev": Object {
            "attribs": Object {
              "alt": "loading",
              "src": "[object Object]",
              "width": "40",
            },
            "children": Array [],
            "name": "img",
            "namespace": "http://www.w3.org/1999/xhtml",
            "next": [Circular],
            "parent": [Circular],
            "prev": null,
            "type": "tag",
            "x-attribsNamespace": Object {
              "alt": undefined,
              "src": undefined,
              "width": undefined,
            },
            "x-attribsPrefix": Object {
              "alt": undefined,
              "src": undefined,
              "width": undefined,
            },
          },
          "type": "tag",
          "x-attribsNamespace": Object {},
          "x-attribsPrefix": Object {},
        },
        "type": "text",
      },
    ],
    "name": "div",
    "namespace": "http://www.w3.org/1999/xhtml",
    "next": null,
    "parent": null,
    "prev": null,
    "root": Object {
      "attribs": Object {},
      "children": Array [
        [Circular],
      ],
      "name": "root",
      "namespace": "http://www.w3.org/1999/xhtml",
      "next": null,
      "parent": null,
      "prev": null,
      "type": "root",
      "x-attribsNamespace": Object {},
      "x-attribsPrefix": Object {},
    },
    "type": "tag",
    "x-attribsNamespace": Object {
      "style": undefined,
    },
    "x-attribsPrefix": Object {
      "style": undefined,
    },
  },
  "_root": [Circular],
  "length": 1,
  "options": Object {
    "decodeEntities": true,
    "normalizeWhitespace": false,
    "withDomLvl1": true,
    "xml": false,
  },
}
`;
