// Jest Snapshot v1, https://goo.gl/fbAQLP

exports[`CatererLink component should match snapshot 1`] = `
<Fragment>
  <li>
    <PageLink
      text="Meals"
      to="/manage-meals"
    />
  </li>
  <li>
    <PageLink
      text="Menus"
      to="/manage-menus"
    />
  </li>
  <li>
    <PageLink
      text="Orders"
      to="/manage-orders"
    />
  </li>
</Fragment>
`;
